[www.madebydesignesia.com/themes/jess/index.html]
[backblue.gif]
[fade.gif]
[index.html]
[www.madebydesignesia.com/themes/jess/css/bootstrap.min.css]
[www.madebydesignesia.com/themes/jess/css/bootstrap-grid.min.css]
[www.madebydesignesia.com/themes/jess/css/bootstrap-reboot.min.css]
[www.madebydesignesia.com/themes/jess/css/owl.carousel.css]
[www.madebydesignesia.com/themes/jess/css/owl.theme.css]
[www.madebydesignesia.com/themes/jess/css/owl.transitions.css]
[www.madebydesignesia.com/themes/jess/css/animate.css]
[www.madebydesignesia.com/themes/jess/css/magnific-popup.css]
[www.madebydesignesia.com/themes/jess/css/jquery.countdown.css]
[www.madebydesignesia.com/themes/jess/css/coloring.css]
[www.madebydesignesia.com/themes/jess/images/misc/3.jpg]
[www.madebydesignesia.com/themes/jess/images/misc/1.jpg]
[www.madebydesignesia.com/themes/jess/css/style.css]
[www.madebydesignesia.com/themes/jess/images/people/1.jpg]
[www.madebydesignesia.com/themes/jess/images/people/2.jpg]
[www.madebydesignesia.com/themes/jess/images/portfolio/1.jpg]
[www.madebydesignesia.com/themes/jess/project-details-slider.html]
[www.madebydesignesia.com/themes/jess/images/portfolio/2.jpg]
[www.madebydesignesia.com/themes/jess/project-details-youtube.html]
[www.madebydesignesia.com/themes/jess/images/portfolio/3.jpg]
[www.madebydesignesia.com/themes/jess/project-details-image-big.html]
[www.madebydesignesia.com/themes/jess/images/portfolio/4.jpg]
[www.madebydesignesia.com/themes/jess/project-details-slider-big.html]
[www.madebydesignesia.com/themes/jess/images/portfolio/5.jpg]
[www.madebydesignesia.com/themes/jess/project-details-youtube-big.html]
[www.madebydesignesia.com/themes/jess/images/portfolio/6.jpg]
[www.madebydesignesia.com/themes/jess/images/news/1.jpg]
[www.madebydesignesia.com/themes/jess/images/news/2.jpg]
[www.madebydesignesia.com/themes/jess/images/news/3.jpg]
[www.madebydesignesia.com/themes/jess/js/jquery.min.js]
[www.madebydesignesia.com/themes/jess/js/bootstrap.min.js]
[www.madebydesignesia.com/themes/jess/js/easing.js]
[www.madebydesignesia.com/themes/jess/js/jquery.isotope.min.js]
[www.madebydesignesia.com/themes/jess/js/lenis.js]
[www.madebydesignesia.com/themes/jess/js/validation.js]
[www.madebydesignesia.com/themes/jess/js/jquery.magnific-popup.min.js]
[www.madebydesignesia.com/themes/jess/js/owl.carousel.js]
[www.madebydesignesia.com/themes/jess/js/enquire.min.js]
[www.madebydesignesia.com/themes/jess/js/jquery.plugin.js]
[www.madebydesignesia.com/themes/jess/js/jquery.stellar.min.js]
[www.madebydesignesia.com/themes/jess/js/typed.js]
[www.madebydesignesia.com/themes/jess/js/jquery.countTo.js]
[www.madebydesignesia.com/themes/jess/js/jquery.countdown.js]
[www.madebydesignesia.com/themes/jess/index.html]
[www.madebydesignesia.com/themes/jess/css/bootstrap.min.css]
[www.madebydesignesia.com/themes/jess/css/bootstrap-grid.min.css]
[www.madebydesignesia.com/themes/jess/css/bootstrap-reboot.min.css]
[www.madebydesignesia.com/themes/jess/css/animate.css]
[www.madebydesignesia.com/themes/jess/css/owl.carousel.css]
[www.madebydesignesia.com/themes/jess/css/owl.theme.css]
[www.madebydesignesia.com/themes/jess/css/owl.transitions.css]
[www.madebydesignesia.com/themes/jess/css/magnific-popup.css]
[www.madebydesignesia.com/themes/jess/css/jquery.countdown.css]
[www.madebydesignesia.com/themes/jess/js/designesia.js]
[www.madebydesignesia.com/themes/jess/fonts/font-awesome/css/font-awesome.css]
[www.madebydesignesia.com/themes/jess/fonts/et-line-font/style.css]
[www.madebydesignesia.com/themes/jess/images/ui/arrow-down.png]
[www.madebydesignesia.com/themes/jess/images/ui/arrow-up.png]
[www.madebydesignesia.com/themes/jess/css/style.css]
[www.madebydesignesia.com/themes/jess/css/colors/scheme-01.css]
[www.madebydesignesia.com/themes/jess/css/coloring.css]
[www.madebydesignesia.com/themes/jess/images/portfolio/pf-slider/1.jpg]
[www.madebydesignesia.com/themes/jess/images/people/3.jpg]
[www.madebydesignesia.com/themes/jess/images/portfolio/pf-slider/2.jpg]
[www.madebydesignesia.com/themes/jess/project-details-image.html]
[www.madebydesignesia.com/themes/jess/project-details-slider.html]
[www.madebydesignesia.com/themes/jess/project-details-youtube.html]
[www.madebydesignesia.com/themes/jess/images/portfolio/pf-image-big/1.jpg]
[www.madebydesignesia.com/themes/jess/images/portfolio/pf-image-big/2.jpg]
[www.madebydesignesia.com/themes/jess/images/portfolio/pf-image-big/3.jpg]
[www.madebydesignesia.com/themes/jess/project-details-image-big.html]
[www.madebydesignesia.com/themes/jess/images/portfolio/pf-slider-big/1.jpg]
[www.madebydesignesia.com/themes/jess/images/portfolio/pf-slider-big/2.jpg]
[www.madebydesignesia.com/themes/jess/images/portfolio/pf-slider-big/3.jpg]
[www.madebydesignesia.com/themes/jess/project-details-slider-big.html]
[www.madebydesignesia.com/themes/jess/project-details-youtube-big.html]
[www.madebydesignesia.com/themes/jess/js/wow.min.js]
[www.madebydesignesia.com/themes/jess/fonts/font-awesome/fonts/fontawesome-webfont3e6e.eot]
[www.madebydesignesia.com/themes/jess/fonts/font-awesome/fonts/fontawesome-webfontd41d.eot]
[www.madebydesignesia.com/themes/jess/fonts/font-awesome/fonts/fontawesome-webfont3e6e.woff2]
[www.madebydesignesia.com/themes/jess/fonts/font-awesome/fonts/fontawesome-webfont3e6e.woff]
[www.madebydesignesia.com/themes/jess/fonts/font-awesome/fonts/fontawesome-webfont3e6e.ttf]
[www.madebydesignesia.com/themes/jess/fonts/font-awesome/css/font-awesome.css]
[www.madebydesignesia.com/themes/jess/fonts/et-line-font/fonts/et-line.eot]
[www.madebydesignesia.com/themes/jess/fonts/elegant_font/HTML_CSS/style.css]
[www.madebydesignesia.com/themes/jess/fonts/et-line-font/fonts/et-lined41d.eot]
[www.madebydesignesia.com/themes/jess/fonts/et-line-font/fonts/et-line.woff]
[www.madebydesignesia.com/themes/jess/fonts/et-line-font/fonts/et-line.ttf]
[www.madebydesignesia.com/themes/jess/fonts/et-line-font/style.css]
[www.madebydesignesia.com/themes/jess/images/ui/arrow-down-form.html]
[www.madebydesignesia.com/themes/jess/images/ui/arrow-down-form-hover.html]
[www.madebydesignesia.com/themes/jess/images_02/dotted.html]
[www.madebydesignesia.com/themes/jess/images_02/icon-slide-plus.html]
[www.madebydesignesia.com/themes/jess/images_02/icon-slide-min.html]
[www.madebydesignesia.com/themes/jess/images_02/close.html]
[www.madebydesignesia.com/themes/jess/images_02/close-2.html]
[www.madebydesignesia.com/themes/jess/images_02/icon-url.html]
[www.madebydesignesia.com/themes/jess/images_02/icon-zoom.html]
[www.madebydesignesia.com/themes/jess/images_02/list-arrow.html]
[www.madebydesignesia.com/themes/jess/images_02/page-loader.html]
[www.madebydesignesia.com/themes/jess/fonts/et-line-font/fonts/et-line.svg]
[www.madebydesignesia.com/themes/jess/images/portfolio/pf-single/1.jpg]
[www.madebydesignesia.com/themes/jess/fonts/font-awesome/fonts/fontawesome-webfont3e6e.svg]
[www.madebydesignesia.com/themes/jess/images/portfolio/pf-single/2.jpg]
[www.madebydesignesia.com/themes/jess/images/portfolio/pf-single/3.jpg]
[www.madebydesignesia.com/themes/jess/project-details-image.html]
[www.madebydesignesia.com/themes/jess/images/portfolio/pf-slider/3.jpg]
[www.madebydesignesia.com/themes/jess/css/owl.video.play.png]
[www.madebydesignesia.com/themes/jess/fonts/font-awesome/fonts/fontawesome-webfont3e6e.svg]
[www.madebydesignesia.com/themes/jess/fonts/elegant_font/HTML_CSS/fonts/ElegantIcons.eot]
[www.madebydesignesia.com/themes/jess/fonts/elegant_font/HTML_CSS/fonts/ElegantIconsd41d.eot]
[www.madebydesignesia.com/themes/jess/fonts/elegant_font/HTML_CSS/fonts/ElegantIcons.woff]
[www.madebydesignesia.com/themes/jess/fonts/elegant_font/HTML_CSS/fonts/ElegantIcons.ttf]
[www.madebydesignesia.com/themes/jess/fonts/elegant_font/HTML_CSS/style.css]
[www.madebydesignesia.com/themes/jess/fonts/et-line-font/fonts/et-line.svg]
[www.madebydesignesia.com/themes/jess/fonts/elegant_font/HTML_CSS/fonts/ElegantIcons.ttf]
[www.madebydesignesia.com/themes/jess/fonts/elegant_font/HTML_CSS/fonts/ElegantIcons.svg]
